[33mÔØ»[39m Building...
[32mÔ£ö[39m Building...
[1mInitial chunk files[22m                      [2m | [22m[1mNames[22m                                 [2m | [22m [1mRaw size[22m
[32mchunk-TDVKRTOP.js[39m                        [2m | [22m[2m-[22m                                     [2m | [22m  [36m2.52 MB[39m[2m | [22m
[32mspec-admin-article-list.component.spec.js[39m[2m | [22m[2mspec-admin-article-list.component.spec[22m[2m | [22m  [36m2.14 MB[39m[2m | [22m
[32mpolyfills.js[39m                             [2m | [22m[2mpolyfills[22m                             [2m | [22m  [36m1.03 MB[39m[2m | [22m
[32mstyles.css[39m                               [2m | [22m[2mstyles[22m                                [2m | [22m[36m118.14 kB[39m[2m | [22m
[32mjasmine-cleanup-1.js[39m                     [2m | [22m[2mjasmine-cleanup-1[22m                     [2m | [22m [36m67.20 kB[39m[2m | [22m
[32mtest_main.js[39m                             [2m | [22m[2mtest_main[22m                             [2m | [22m  [36m4.30 kB[39m[2m | [22m
[32mchunk-V6FC2DIM.js[39m                        [2m | [22m[2m-[22m                                     [2m | [22m  [36m2.42 kB[39m[2m | [22m
[32mjasmine-cleanup-0.js[39m                     [2m | [22m[2mjasmine-cleanup-0[22m                     [2m | [22m[36m519 bytes[39m[2m | [22m

[1m [22m                                        [2m | [22m[1mInitial total[22m                         [2m | [22m  [1m5.88 MB[22m

Application bundle generation complete. [2.990 seconds]

[32m04 01 2026 11:23:08.874:INFO [karma-server]: [39mKarma v6.4.4 server started at http://localhost:9876/
[32m04 01 2026 11:23:08.876:INFO [launcher]: [39mLaunching browsers ChromeHeadless with concurrency unlimited
[91m04 01 2026 11:23:08.876:ERROR [launcher]: [39mCannot load browser "ChromeHeadless": it is not registered! Perhaps you are missing some plugin?
[91m04 01 2026 11:23:08.877:ERROR [karma-server]: [39mError: Found 1 load error
    at Server.<anonymous> (C:\Users\PC Cabuloso\Documents\GitHub\Novo_Lamed_Angular\frontend\node_modules\karma\lib\server.js:243:26)
    at Object.onceWrapper (node:events:638:28)
    at Server.emit (node:events:536:35)
    at emitListeningNT (node:net:1955:10)
    at process.processTicksAndRejections (node:internal/process/task_queues:89:21)
